BTreeNode
{
    kind: -1
    value: stmt-sequence
    nodeList:
    BTreeNode
    {
        kind: -1
        value: stmt-sequence
        nodeList:
        BTreeNode
        {
            kind: -1
            value: stmt-sequence
            nodeList:
            BTreeNode
            {
                kind: -1
                value: stmt-sequence
                nodeList:
                BTreeNode
                {
                    kind: -1
                    value: stmt-sequence
                    nodeList:
                    BTreeNode
                    {
                        kind: -1
                        value: stmt-sequence
                        nodeList:
                        BTreeNode
                        {
                            kind: read
                            value: read
                            nodeList:
                            BTreeNode
                            {
                                kind: ID
                                value: xXx
                            }
                        }
                        BTreeNode
                        {
                            kind: if
                            value: if
                            nodeList:
                            BTreeNode
                            {
                                kind: LT
                                value: <
                                nodeList:
                                BTreeNode
                                {
                                    kind: ID
                                    value: xXx
                                }
                                BTreeNode
                                {
                                    kind: ID
                                    value: yYy
                                }
                            }
                            BTreeNode
                            {
                                kind: repeat
                                value: repeat
                                nodeList:
                                BTreeNode
                                {
                                    kind: ASSIGN
                                    value: :=
                                    nodeList:
                                    BTreeNode
                                    {
                                        kind: ID
                                        value: xXx
                                    }
                                    BTreeNode
                                    {
                                        kind: -1
                                        value: simple-exp
                                        nodeList:
                                        BTreeNode
                                        {
                                            kind: MINUS
                                            value: -
                                        }
                                        BTreeNode
                                        {
                                            kind: -1
                                            value: term
                                            nodeList:
                                            BTreeNode
                                            {
                                                kind: MULTIPLY
                                                value: *
                                            }
                                            BTreeNode
                                            {
                                                kind: -1
                                                value: simple-exp
                                                nodeList:
                                                BTreeNode
                                                {
                                                    kind: PLUS
                                                    value: +
                                                }
                                                BTreeNode
                                                {
                                                    kind: ID
                                                    value: xXx
                                                }
                                                BTreeNode
                                                {
                                                    kind: NUMBER
                                                    value: 1
                                                }
                                            }
                                            BTreeNode
                                            {
                                                kind: NUMBER
                                                value: 1
                                            }
                                        }
                                        BTreeNode
                                        {
                                            kind: -1
                                            value: term
                                            nodeList:
                                            BTreeNode
                                            {
                                                kind: DIVIDE
                                                value: /
                                            }
                                            BTreeNode
                                            {
                                                kind: NUMBER
                                                value: 0
                                            }
                                            BTreeNode
                                            {
                                                kind: NUMBER
                                                value: 1
                                            }
                                        }
                                    }
                                }
                                BTreeNode
                                {
                                    kind: EQ
                                    value: =
                                    nodeList:
                                    BTreeNode
                                    {
                                        kind: ID
                                        value: xXx
                                    }
                                    BTreeNode
                                    {
                                        kind: ID
                                        value: yYy
                                    }
                                }
                            }
                            BTreeNode
                            {
                                kind: write
                                value: write
                                nodeList:
                                BTreeNode
                                {
                                    kind: -1
                                    value: simple-exp
                                    nodeList:
                                    BTreeNode
                                    {
                                        kind: PLUS
                                        value: +
                                    }
                                    BTreeNode
                                    {
                                        kind: NUMBER
                                        value: 001
                                    }
                                    BTreeNode
                                    {
                                        kind: -1
                                        value: term
                                        nodeList:
                                        BTreeNode
                                        {
                                            kind: MOD
                                            value: %
                                        }
                                        BTreeNode
                                        {
                                            kind: NUMBER
                                            value: 123
                                        }
                                        BTreeNode
                                        {
                                            kind: NUMBER
                                            value: 2
                                        }
                                    }
                                }
                            }
                        }
                    }
                    BTreeNode
                    {
                        kind: read
                        value: read
                        nodeList:
                        BTreeNode
                        {
                            kind: ID
                            value: z1
                        }
                    }
                }
                BTreeNode
                {
                    kind: if
                    value: if
                    nodeList:
                    BTreeNode
                    {
                        kind: LTEQ
                        value: <=
                        nodeList:
                        BTreeNode
                        {
                            kind: ID
                            value: z1
                        }
                        BTreeNode
                        {
                            kind: NUMBER
                            value: 1000
                        }
                    }
                    BTreeNode
                    {
                        kind: ASSIGN
                        value: :=
                        nodeList:
                        BTreeNode
                        {
                            kind: ID
                            value: z1
                        }
                        BTreeNode
                        {
                            kind: NUMBER
                            value: 0
                        }
                    }
                    BTreeNode
                    {
                        kind: ASSIGN
                        value: :=
                        nodeList:
                        BTreeNode
                        {
                            kind: ID
                            value: z1
                        }
                        BTreeNode
                        {
                            kind: NUMBER
                            value: 1
                        }
                    }
                }
            }
            BTreeNode
            {
                kind: if
                value: if
                nodeList:
                BTreeNode
                {
                    kind: NE
                    value: <>
                    nodeList:
                    BTreeNode
                    {
                        kind: ID
                        value: z1
                    }
                    BTreeNode
                    {
                        kind: NUMBER
                        value: 1000
                    }
                }
                BTreeNode
                {
                    kind: ASSIGN
                    value: :=
                    nodeList:
                    BTreeNode
                    {
                        kind: ID
                        value: z1
                    }
                    BTreeNode
                    {
                        kind: NUMBER
                        value: 0
                    }
                }
                BTreeNode
                {
                    kind: ASSIGN
                    value: :=
                    nodeList:
                    BTreeNode
                    {
                        kind: ID
                        value: z1
                    }
                    BTreeNode
                    {
                        kind: NUMBER
                        value: 1
                    }
                }
            }
        }
        BTreeNode
        {
            kind: if
            value: if
            nodeList:
            BTreeNode
            {
                kind: RTEQ
                value: >=
                nodeList:
                BTreeNode
                {
                    kind: ID
                    value: z1
                }
                BTreeNode
                {
                    kind: NUMBER
                    value: 1000
                }
            }
            BTreeNode
            {
                kind: ASSIGN
                value: :=
                nodeList:
                BTreeNode
                {
                    kind: ID
                    value: z1
                }
                BTreeNode
                {
                    kind: NUMBER
                    value: 0
                }
            }
            BTreeNode
            {
                kind: ASSIGN
                value: :=
                nodeList:
                BTreeNode
                {
                    kind: ID
                    value: z1
                }
                BTreeNode
                {
                    kind: NUMBER
                    value: 1
                }
            }
        }
    }
    BTreeNode
    {
        kind: if
        value: if
        nodeList:
        BTreeNode
        {
            kind: RT
            value: >
            nodeList:
            BTreeNode
            {
                kind: ID
                value: z1
            }
            BTreeNode
            {
                kind: NUMBER
                value: 1000
            }
        }
        BTreeNode
        {
            kind: ASSIGN
            value: :=
            nodeList:
            BTreeNode
            {
                kind: ID
                value: z1
            }
            BTreeNode
            {
                kind: NUMBER
                value: 0
            }
        }
        BTreeNode
        {
            kind: ASSIGN
            value: :=
            nodeList:
            BTreeNode
            {
                kind: ID
                value: z1
            }
            BTreeNode
            {
                kind: NUMBER
                value: 1
            }
        }
    }
}
